// Jest Snapshot v1, https://goo.gl/fbAQLP

exports[`Pruebas en el EntryView Debe hacer match con el snapshot 1`] = `
<div>
  <div class="entry-tile d-flex justify-content-between p-2">
    <div><span class="text-success fs-3 fw-bold">3</span><span class="mx-1 fs-3">Marzo</span><span class="mx-2 fs-4 fw-light">2022, Jueves</span></div>
    <div><input type="file" accept="image/*" style="display: none;"><button class="btn btn-danger mx-2"> Borrar <i class="fas fa-trash-alt"></i></button><button class="btn btn-primary"> Subir foto <i class="fas fa-upload"></i></button></div>
  </div>
  <hr>
  <div class="d-flex flec-column px-3 h-75"><textarea placeholder="¿Qué sucedió hoy?"></textarea></div>
  <fab-stub icon="fa-save" color="btn-success" title="Guardar entrada"></fab-stub>
  <!--v-if-->
  <!--v-if-->
</div>
`;
